// Jest Snapshot v1, https://goo.gl/fbAQLP

exports[`testing Login component should render Login component 1`] = `
<div
  style={
    Object {
      "border": "4px solid pink",
      "margin": "0 auto",
      "width": "50%",
    }
  }
>
  <h3>
    Login form
  </h3>
  <hr />
  <form
    onSubmit={[Function]}
  >
    <div
      className="form-group"
    >
      <label>
        Email
      </label>
      <input
        className="form-control"
        id="email"
        name="email"
        onChange={[Function]}
        type="text"
        value=""
      />
    </div>
    <div
      className="form-group"
    >
      <label>
        password
      </label>
      <input
        className="form-control"
        id="password"
        name="password"
        onChange={[Function]}
        type="password"
        value=""
      />
    </div>
    <button
      className="btn btn-success btn-lg"
      type="submit"
    >
      Login
    </button>
  </form>
</div>
`;
