// Jest Snapshot v1, https://goo.gl/fbAQLP

exports[`testing Posts component should render Posts component 1`] = `
<div>
  Posts
</div>
`;
