// Jest Snapshot v1, https://goo.gl/fbAQLP

exports[`testing Users component should render Users component 1`] = `
<div>
  Users
</div>
`;
